MemTotal:        4050068 kB
MemFree:         1381148 kB
MemAvailable:    2800948 kB
Buffers:          412508 kB
Cached:           968388 kB
SwapCached:            0 kB
Active:          1966616 kB
Inactive:         473820 kB
Active(anon):    1075384 kB
Inactive(anon):    53592 kB
Active(file):     891232 kB
Inactive(file):   420228 kB
Unevictable:          32 kB
Mlocked:              32 kB
SwapTotal:       7911976 kB
SwapFree:        7911976 kB
Dirty:                56 kB
Writeback:             0 kB
AnonPages:       1059464 kB
Mapped:           196964 kB
Shmem:             69444 kB
Slab:             168280 kB
SReclaimable:     138088 kB
SUnreclaim:        30192 kB
KernelStack:        4528 kB
PageTables:        20768 kB
NFS_Unstable:          0 kB
Bounce:                0 kB
WritebackTmp:          0 kB
CommitLimit:     9937008 kB
Committed_AS:    2833516 kB
VmallocTotal:   34359738367 kB
VmallocUsed:      111084 kB
VmallocChunk:   34359537660 kB
HardwareCorrupted:     0 kB
AnonHugePages:         0 kB
HugePages_Total:       0
HugePages_Free:        0
HugePages_Rsvd:        0
HugePages_Surp:        0
Hugepagesize:       2048 kB
DirectMap4k:       91008 kB
DirectMap2M:     4102144 kB
